clientID=lower_precedence_client_id
clientSecret=
issuerURL=https://higher-precedence-issuer.url.com
homeBaseDir=/home
allowedSSHSuffixes=[]