clientID=client_id
clientSecret=
issuerURL=https://issuer.url.com
homeBaseDir=/home
allowedSSHSuffixes=[]